// Bun Snapshot v1, https://goo.gl/fbAQLP

exports[`App fetch() view 1`] = `"<div></div><script>window.__GEMI_DATA__ = {"pageData":{"/":{"Home":{"message":"Home"}}},"auth":{"user":null},"routeManifest":{"/":["Home"],"/about":["About"],"/auth/sign-in":["auth/SignIn"],"/auth/sign-up":["auth/SignUp"],"/auth/reset-password":["auth/ResetPassword"],"/auth/forgot-password":["auth/ForgotPassword"]},"router":{"pathname":"/","params":{},"currentPath":"/","searchParams":"","is404":false},"componentTree":[["404",[]],["Home",[]],["About",[]],["auth/SignIn",[]],["auth/SignUp",[]],["auth/ResetPassword",[]],["auth/ForgotPassword",[]]]}; window.loaders={}</script>"`;
